../Core/Src/main.c:90:6:send_spacebar	16	static
../Core/Src/main.c:106:6:initFilter	8	static
../Core/Src/main.c:117:10:generateRandomStdId	32	static
../Core/Src/main.c:134:6:generateStdIdHeader	16	static
../Core/Src/main.c:138:6:initpHeader	16	static
../Core/Src/main.c:151:6:HAL_FDCAN_RxFifo0Callback	16	static
../Core/Src/main.c:173:5:main	16	static
../Core/Src/main.c:268:6:SystemClock_Config	88	static
../Core/Src/main.c:316:13:MX_FDCAN1_Init	8	static
../Core/Src/main.c:359:13:MX_RTC_Init	32	static
../Core/Src/main.c:425:13:MX_USART2_UART_Init	8	static
../Core/Src/main.c:473:13:MX_GPIO_Init	48	static
../Core/Src/main.c:525:6:Error_Handler	4	static,ignoring_inline_asm
